Archive member included because of file (symbol)

/usr/local/arduino-1.5.2/hardware/tools/g++_arm_none_eabi/bin/../lib/gcc/arm-none-eabi/4.4.1/../../../../arm-none-eabi/lib/armv6-m/libc.a(lib_a-init.o)
                              startup_stm32f0xx.o (__libc_init_array)
/usr/local/arduino-1.5.2/hardware/tools/g++_arm_none_eabi/bin/../lib/gcc/arm-none-eabi/4.4.1/../../../../arm-none-eabi/lib/armv6-m/libc.a(lib_a-strcat.o)
                              hello-world.o (strcat)
/usr/local/arduino-1.5.2/hardware/tools/g++_arm_none_eabi/bin/../lib/gcc/arm-none-eabi/4.4.1/../../../../arm-none-eabi/lib/armv6-m/libc.a(lib_a-strcpy.o)
                              hello-world.o (strcpy)
/usr/local/arduino-1.5.2/hardware/tools/g++_arm_none_eabi/bin/../lib/gcc/arm-none-eabi/4.4.1/armv6-m/libgcc.a(_udivsi3.o)
                              uart.o (__aeabi_uidiv)
/usr/local/arduino-1.5.2/hardware/tools/g++_arm_none_eabi/bin/../lib/gcc/arm-none-eabi/4.4.1/armv6-m/libgcc.a(_dvmd_tls.o)
                              /usr/local/arduino-1.5.2/hardware/tools/g++_arm_none_eabi/bin/../lib/gcc/arm-none-eabi/4.4.1/armv6-m/libgcc.a(_udivsi3.o) (__aeabi_idiv0)

Allocating common symbols
Common symbol       size              file

buf_100             0x65              hello-world.o
empty               0x14              hello-world.o

Discarded input sections

 .text          0x00000000        0x0 /usr/local/arduino-1.5.2/hardware/tools/g++_arm_none_eabi/bin/../lib/gcc/arm-none-eabi/4.4.1/armv6-m/crti.o
 .data          0x00000000        0x0 /usr/local/arduino-1.5.2/hardware/tools/g++_arm_none_eabi/bin/../lib/gcc/arm-none-eabi/4.4.1/armv6-m/crti.o
 .bss           0x00000000        0x0 /usr/local/arduino-1.5.2/hardware/tools/g++_arm_none_eabi/bin/../lib/gcc/arm-none-eabi/4.4.1/armv6-m/crti.o
 .text          0x00000000       0x30 /usr/local/arduino-1.5.2/hardware/tools/g++_arm_none_eabi/bin/../lib/gcc/arm-none-eabi/4.4.1/armv6-m/crtbegin.o
 .data          0x00000000        0x4 /usr/local/arduino-1.5.2/hardware/tools/g++_arm_none_eabi/bin/../lib/gcc/arm-none-eabi/4.4.1/armv6-m/crtbegin.o
 .bss           0x00000000        0x1 /usr/local/arduino-1.5.2/hardware/tools/g++_arm_none_eabi/bin/../lib/gcc/arm-none-eabi/4.4.1/armv6-m/crtbegin.o
 .init_array    0x00000000        0x4 /usr/local/arduino-1.5.2/hardware/tools/g++_arm_none_eabi/bin/../lib/gcc/arm-none-eabi/4.4.1/armv6-m/crtbegin.o
 .fini_array    0x00000000        0x4 /usr/local/arduino-1.5.2/hardware/tools/g++_arm_none_eabi/bin/../lib/gcc/arm-none-eabi/4.4.1/armv6-m/crtbegin.o
 .jcr           0x00000000        0x0 /usr/local/arduino-1.5.2/hardware/tools/g++_arm_none_eabi/bin/../lib/gcc/arm-none-eabi/4.4.1/armv6-m/crtbegin.o
 .text          0x00000000       0x14 startup_stm32f0xx.o
 .data          0x00000000        0x0 startup_stm32f0xx.o
 .bss           0x00000000        0x0 startup_stm32f0xx.o
 .text          0x00000000        0x0 hello-world.o
 .data          0x00000000        0x0 hello-world.o
 .bss           0x00000000        0x0 hello-world.o
 .text.write_flash
                0x00000000       0x38 hello-world.o
 .text.print_uint
                0x00000000       0x1e hello-world.o
 .rodata.xx2    0x00000000        0x4 hello-world.o
 .data.filler   0x00000000        0x4 hello-world.o
 .data.xx1      0x00000000        0x4 hello-world.o
 .text          0x00000000        0x0 uart.o
 .data          0x00000000        0x0 uart.o
 .bss           0x00000000        0x0 uart.o
 .text          0x00000000        0x0 system_stm32f0xx.o
 .data          0x00000000        0x0 system_stm32f0xx.o
 .bss           0x00000000        0x0 system_stm32f0xx.o
 .text.SystemCoreClockUpdate
                0x00000000       0x7c system_stm32f0xx.o
 .data.AHBPrescTable
                0x00000000       0x10 system_stm32f0xx.o
 .data.SystemCoreClock
                0x00000000        0x4 system_stm32f0xx.o
 .text          0x00000000        0x0 /usr/local/arduino-1.5.2/hardware/tools/g++_arm_none_eabi/bin/../lib/gcc/arm-none-eabi/4.4.1/armv6-m/crtend.o
 .data          0x00000000        0x0 /usr/local/arduino-1.5.2/hardware/tools/g++_arm_none_eabi/bin/../lib/gcc/arm-none-eabi/4.4.1/armv6-m/crtend.o
 .bss           0x00000000        0x0 /usr/local/arduino-1.5.2/hardware/tools/g++_arm_none_eabi/bin/../lib/gcc/arm-none-eabi/4.4.1/armv6-m/crtend.o
 .jcr           0x00000000        0x4 /usr/local/arduino-1.5.2/hardware/tools/g++_arm_none_eabi/bin/../lib/gcc/arm-none-eabi/4.4.1/armv6-m/crtend.o
 .text          0x00000000        0x0 /usr/local/arduino-1.5.2/hardware/tools/g++_arm_none_eabi/bin/../lib/gcc/arm-none-eabi/4.4.1/armv6-m/crtn.o
 .data          0x00000000        0x0 /usr/local/arduino-1.5.2/hardware/tools/g++_arm_none_eabi/bin/../lib/gcc/arm-none-eabi/4.4.1/armv6-m/crtn.o
 .bss           0x00000000        0x0 /usr/local/arduino-1.5.2/hardware/tools/g++_arm_none_eabi/bin/../lib/gcc/arm-none-eabi/4.4.1/armv6-m/crtn.o
 .data          0x00000000        0x0 /usr/local/arduino-1.5.2/hardware/tools/g++_arm_none_eabi/bin/../lib/gcc/arm-none-eabi/4.4.1/../../../../arm-none-eabi/lib/armv6-m/libc.a(lib_a-init.o)
 .bss           0x00000000        0x0 /usr/local/arduino-1.5.2/hardware/tools/g++_arm_none_eabi/bin/../lib/gcc/arm-none-eabi/4.4.1/../../../../arm-none-eabi/lib/armv6-m/libc.a(lib_a-init.o)
 .ARM.attributes
                0x00000000       0x2d /usr/local/arduino-1.5.2/hardware/tools/g++_arm_none_eabi/bin/../lib/gcc/arm-none-eabi/4.4.1/../../../../arm-none-eabi/lib/armv6-m/libc.a(lib_a-init.o)
 .debug_frame   0x00000000       0x2c /usr/local/arduino-1.5.2/hardware/tools/g++_arm_none_eabi/bin/../lib/gcc/arm-none-eabi/4.4.1/../../../../arm-none-eabi/lib/armv6-m/libc.a(lib_a-init.o)
 .data          0x00000000        0x0 /usr/local/arduino-1.5.2/hardware/tools/g++_arm_none_eabi/bin/../lib/gcc/arm-none-eabi/4.4.1/../../../../arm-none-eabi/lib/armv6-m/libc.a(lib_a-strcat.o)
 .bss           0x00000000        0x0 /usr/local/arduino-1.5.2/hardware/tools/g++_arm_none_eabi/bin/../lib/gcc/arm-none-eabi/4.4.1/../../../../arm-none-eabi/lib/armv6-m/libc.a(lib_a-strcat.o)
 .ARM.attributes
                0x00000000       0x2d /usr/local/arduino-1.5.2/hardware/tools/g++_arm_none_eabi/bin/../lib/gcc/arm-none-eabi/4.4.1/../../../../arm-none-eabi/lib/armv6-m/libc.a(lib_a-strcat.o)
 .debug_frame   0x00000000       0x2c /usr/local/arduino-1.5.2/hardware/tools/g++_arm_none_eabi/bin/../lib/gcc/arm-none-eabi/4.4.1/../../../../arm-none-eabi/lib/armv6-m/libc.a(lib_a-strcat.o)
 .data          0x00000000        0x0 /usr/local/arduino-1.5.2/hardware/tools/g++_arm_none_eabi/bin/../lib/gcc/arm-none-eabi/4.4.1/../../../../arm-none-eabi/lib/armv6-m/libc.a(lib_a-strcpy.o)
 .bss           0x00000000        0x0 /usr/local/arduino-1.5.2/hardware/tools/g++_arm_none_eabi/bin/../lib/gcc/arm-none-eabi/4.4.1/../../../../arm-none-eabi/lib/armv6-m/libc.a(lib_a-strcpy.o)
 .ARM.attributes
                0x00000000       0x2d /usr/local/arduino-1.5.2/hardware/tools/g++_arm_none_eabi/bin/../lib/gcc/arm-none-eabi/4.4.1/../../../../arm-none-eabi/lib/armv6-m/libc.a(lib_a-strcpy.o)
 .debug_frame   0x00000000       0x20 /usr/local/arduino-1.5.2/hardware/tools/g++_arm_none_eabi/bin/../lib/gcc/arm-none-eabi/4.4.1/../../../../arm-none-eabi/lib/armv6-m/libc.a(lib_a-strcpy.o)
 .data          0x00000000        0x0 /usr/local/arduino-1.5.2/hardware/tools/g++_arm_none_eabi/bin/../lib/gcc/arm-none-eabi/4.4.1/armv6-m/libgcc.a(_udivsi3.o)
 .bss           0x00000000        0x0 /usr/local/arduino-1.5.2/hardware/tools/g++_arm_none_eabi/bin/../lib/gcc/arm-none-eabi/4.4.1/armv6-m/libgcc.a(_udivsi3.o)
 .debug_frame   0x00000000       0x20 /usr/local/arduino-1.5.2/hardware/tools/g++_arm_none_eabi/bin/../lib/gcc/arm-none-eabi/4.4.1/armv6-m/libgcc.a(_udivsi3.o)
 .ARM.attributes
                0x00000000       0x1f /usr/local/arduino-1.5.2/hardware/tools/g++_arm_none_eabi/bin/../lib/gcc/arm-none-eabi/4.4.1/armv6-m/libgcc.a(_udivsi3.o)
 .data          0x00000000        0x0 /usr/local/arduino-1.5.2/hardware/tools/g++_arm_none_eabi/bin/../lib/gcc/arm-none-eabi/4.4.1/armv6-m/libgcc.a(_dvmd_tls.o)
 .bss           0x00000000        0x0 /usr/local/arduino-1.5.2/hardware/tools/g++_arm_none_eabi/bin/../lib/gcc/arm-none-eabi/4.4.1/armv6-m/libgcc.a(_dvmd_tls.o)
 .ARM.attributes
                0x00000000       0x1f /usr/local/arduino-1.5.2/hardware/tools/g++_arm_none_eabi/bin/../lib/gcc/arm-none-eabi/4.4.1/armv6-m/libgcc.a(_dvmd_tls.o)

Memory Configuration

Name             Origin             Length             Attributes
FLASH            0x08000000         0x00010000         xr
RAM              0x20000000         0x00002000         xrw
*default*        0x00000000         0xffffffff

Linker script and memory map

LOAD /usr/local/arduino-1.5.2/hardware/tools/g++_arm_none_eabi/bin/../lib/gcc/arm-none-eabi/4.4.1/armv6-m/crti.o
LOAD /usr/local/arduino-1.5.2/hardware/tools/g++_arm_none_eabi/bin/../lib/gcc/arm-none-eabi/4.4.1/armv6-m/crtbegin.o
LOAD startup_stm32f0xx.o
LOAD hello-world.o
LOAD uart.o
LOAD system_stm32f0xx.o
LOAD /usr/local/arduino-1.5.2/hardware/tools/g++_arm_none_eabi/bin/../lib/gcc/arm-none-eabi/4.4.1/armv6-m/crtend.o
LOAD /usr/local/arduino-1.5.2/hardware/tools/g++_arm_none_eabi/bin/../lib/gcc/arm-none-eabi/4.4.1/armv6-m/crtn.o
                0x20002000                _estack = 0x20002000

.isr_vector     0x08000000       0xc4
                0x08000000                . = ALIGN (0x4)
 *(.isr_vector)
 .isr_vector    0x08000000       0xc4 startup_stm32f0xx.o
                0x08000000                g_pfnVectors
                0x080000c4                . = ALIGN (0x4)

.text           0x080000c4      0x664
                0x080000c4                . = ALIGN (0x4)
 *(.text)
 .text          0x080000c4       0x48 /usr/local/arduino-1.5.2/hardware/tools/g++_arm_none_eabi/bin/../lib/gcc/arm-none-eabi/4.4.1/../../../../arm-none-eabi/lib/armv6-m/libc.a(lib_a-init.o)
                0x080000c4                __libc_init_array
 .text          0x0800010c       0x4c /usr/local/arduino-1.5.2/hardware/tools/g++_arm_none_eabi/bin/../lib/gcc/arm-none-eabi/4.4.1/../../../../arm-none-eabi/lib/armv6-m/libc.a(lib_a-strcat.o)
                0x0800010c                strcat
 .text          0x08000158       0x10 /usr/local/arduino-1.5.2/hardware/tools/g++_arm_none_eabi/bin/../lib/gcc/arm-none-eabi/4.4.1/../../../../arm-none-eabi/lib/armv6-m/libc.a(lib_a-strcpy.o)
                0x08000158                strcpy
 .text          0x08000168       0x9c /usr/local/arduino-1.5.2/hardware/tools/g++_arm_none_eabi/bin/../lib/gcc/arm-none-eabi/4.4.1/armv6-m/libgcc.a(_udivsi3.o)
                0x08000168                __udivsi3
                0x08000168                __aeabi_uidiv
                0x080001f0                __aeabi_uidivmod
 .text          0x08000204        0x4 /usr/local/arduino-1.5.2/hardware/tools/g++_arm_none_eabi/bin/../lib/gcc/arm-none-eabi/4.4.1/armv6-m/libgcc.a(_dvmd_tls.o)
                0x08000204                __aeabi_ldiv0
                0x08000204                __aeabi_idiv0
 *(.text.*)
 .text.Reset_Handler
                0x08000208       0x50 startup_stm32f0xx.o
                0x08000208                Reset_Handler
 .text.Default_Handler
                0x08000258        0x2 startup_stm32f0xx.o
                0x08000258                TIM1_CC_IRQHandler
                0x08000258                HardFault_Handler
                0x08000258                ADC1_COMP_IRQHandler
                0x08000258                SysTick_Handler
                0x08000258                PVD_IRQHandler
                0x08000258                PendSV_Handler
                0x08000258                NMI_Handler
                0x08000258                I2C1_IRQHandler
                0x08000258                SPI1_IRQHandler
                0x08000258                TIM6_DAC_IRQHandler
                0x08000258                EXTI2_3_IRQHandler
                0x08000258                I2C2_IRQHandler
                0x08000258                TIM17_IRQHandler
                0x08000258                RTC_IRQHandler
                0x08000258                TIM16_IRQHandler
                0x08000258                TIM3_IRQHandler
                0x08000258                EXTI4_15_IRQHandler
                0x08000258                RCC_IRQHandler
                0x08000258                DMA1_Channel1_IRQHandler
                0x08000258                Default_Handler
                0x08000258                CEC_IRQHandler
                0x08000258                TIM14_IRQHandler
                0x08000258                DMA1_Channel4_5_IRQHandler
                0x08000258                TIM15_IRQHandler
                0x08000258                EXTI0_1_IRQHandler
                0x08000258                SPI2_IRQHandler
                0x08000258                SVC_Handler
                0x08000258                TS_IRQHandler
                0x08000258                WWDG_IRQHandler
                0x08000258                TIM2_IRQHandler
                0x08000258                DMA1_Channel2_3_IRQHandler
                0x08000258                USART2_IRQHandler
                0x08000258                FLASH_IRQHandler
                0x08000258                USART1_IRQHandler
                0x08000258                TIM1_BRK_UP_TRG_COM_IRQHandler
 .text.delay1   0x0800025a       0x14 hello-world.o
                0x0800025a                delay1
 *fill*         0x0800026e        0x2 00
 .text.itoh     0x08000270       0x28 hello-world.o
                0x08000270                itoh
 .text.uart_idle
                0x08000298       0x34 hello-world.o
                0x08000298                uart_idle
 .text.print_cpu_info
                0x080002cc       0xa8 hello-world.o
                0x080002cc                print_cpu_info
 .text.main     0x08000374      0x158 hello-world.o
                0x08000374                main
 .text.uart_ptr
                0x080004cc       0x18 uart.o
 .text.uart_clear_settings
                0x080004e4       0x1a uart.o
                0x080004e4                uart_clear_settings
 .text.uart_start
                0x080004fe       0x18 uart.o
                0x080004fe                uart_start
 *fill*         0x08000516        0x2 00
 .text.uart_set_speed
                0x08000518       0x28 uart.o
                0x08000518                uart_set_speed
 .text.uart_set_parity
                0x08000540       0x54 uart.o
                0x08000540                uart_set_parity
 .text.uart_get_char
                0x08000594       0x38 uart.o
                0x08000594                uart_get_char
 .text.uart_send_str
                0x080005cc       0x40 uart.o
                0x080005cc                uart_send_str
 .text.uart_set_wait_fun
                0x0800060c       0x14 uart.o
                0x0800060c                uart_set_wait_fun
 .text.SystemInit
                0x08000620       0xb0 system_stm32f0xx.o
                0x08000620                SystemInit
 *(.rodata)
 *(.rodata*)
 .rodata.digit_to_hex
                0x080006d0       0x14 hello-world.o
                0x080006d0                digit_to_hex
 .rodata.str1.1
                0x080006e4       0x2c hello-world.o
                                 0x2f (size before relaxing)
 *(.glue_7)
 .glue_7        0x00000000        0x0 linker stubs
 *(.glue_7t)
 .glue_7t       0x00000000        0x0 linker stubs
 *(.init)
 .init          0x08000710        0x4 /usr/local/arduino-1.5.2/hardware/tools/g++_arm_none_eabi/bin/../lib/gcc/arm-none-eabi/4.4.1/armv6-m/crti.o
                0x08000710                _init
 .init          0x08000714        0x8 /usr/local/arduino-1.5.2/hardware/tools/g++_arm_none_eabi/bin/../lib/gcc/arm-none-eabi/4.4.1/armv6-m/crtn.o
 *(.fini)
 .fini          0x0800071c        0x4 /usr/local/arduino-1.5.2/hardware/tools/g++_arm_none_eabi/bin/../lib/gcc/arm-none-eabi/4.4.1/armv6-m/crti.o
                0x0800071c                _fini
 .fini          0x08000720        0x8 /usr/local/arduino-1.5.2/hardware/tools/g++_arm_none_eabi/bin/../lib/gcc/arm-none-eabi/4.4.1/armv6-m/crtn.o
                0x08000728                . = ALIGN (0x4)
                0x08000728                _etext = .
                0x08000728                _sidata = _etext

.vfp11_veneer   0x08000728        0x0
 .vfp11_veneer  0x00000000        0x0 linker stubs

.v4_bx          0x08000728        0x0
 .v4_bx         0x00000000        0x0 linker stubs

.data           0x20000000        0x0 load address 0x08000728
                0x20000000                . = ALIGN (0x4)
                0x20000000                _sdata = .
                0x20000000                _data = .
 *(.data)
 *(.data.*)
 *(.RAMtext)
                0x20000000                . = ALIGN (0x4)
                0x20000000                _edata = .

.bss            0x20000000       0x88
                0x20000000                . = ALIGN (0x4)
                0x20000000                _sbss = .
                0x20000000                _bss = .
 *(.bss)
 *(.bss.*)
 .bss.counter.2610
                0x20000000        0x4 hello-world.o
 .bss.wait_fun  0x20000004        0x4 uart.o
 .bss.wait_context
                0x20000008        0x4 uart.o
 *(COMMON)
 COMMON         0x2000000c       0x7c hello-world.o
                0x2000000c                buf_100
                0x20000074                empty
                0x20000088                . = ALIGN (0x4)
                0x20000088                _ebss = .
                0x20000088                PROVIDE (end, _ebss)
                0x20000088                PROVIDE (_end, _ebss)
                0x20000088                __exidx_start = .
                0x20000088                __exidx_end = .

/DISCARD/
 libc.a(*)
 libm.a(*)
 libgcc.a(*)

.stab
 *(.stab)

.stabstr
 *(.stabstr)

.stab.excl
 *(.stab.excl)

.stab.exclstr
 *(.stab.exclstr)

.stab.index
 *(.stab.index)

.stab.indexstr
 *(.stab.indexstr)

.ARM.attributes
                0x00000000       0x29
 .ARM.attributes
                0x00000000       0x1d /usr/local/arduino-1.5.2/hardware/tools/g++_arm_none_eabi/bin/../lib/gcc/arm-none-eabi/4.4.1/armv6-m/crti.o
 .ARM.attributes
                0x0000001d       0x2d /usr/local/arduino-1.5.2/hardware/tools/g++_arm_none_eabi/bin/../lib/gcc/arm-none-eabi/4.4.1/armv6-m/crtbegin.o
 .ARM.attributes
                0x0000004a       0x23 startup_stm32f0xx.o
 .ARM.attributes
                0x0000006d       0x33 hello-world.o
 .ARM.attributes
                0x000000a0       0x33 uart.o
 .ARM.attributes
                0x000000d3       0x33 system_stm32f0xx.o
 .ARM.attributes
                0x00000106       0x2d /usr/local/arduino-1.5.2/hardware/tools/g++_arm_none_eabi/bin/../lib/gcc/arm-none-eabi/4.4.1/armv6-m/crtend.o
 .ARM.attributes
                0x00000133       0x1d /usr/local/arduino-1.5.2/hardware/tools/g++_arm_none_eabi/bin/../lib/gcc/arm-none-eabi/4.4.1/armv6-m/crtn.o

.comment        0x00000000       0x81
 *(.comment)
 .comment       0x00000000       0x2b hello-world.o
 .comment       0x0000002b       0x2b uart.o
 .comment       0x00000056       0x2b system_stm32f0xx.o

.debug
 *(.debug)

.line
 *(.line)

.debug_srcinfo
 *(.debug_srcinfo)

.debug_sfnames
 *(.debug_sfnames)

.debug_aranges  0x00000000       0xf8
 *(.debug_aranges)
 .debug_aranges
                0x00000000       0x28 startup_stm32f0xx.o
 .debug_aranges
                0x00000028       0x50 hello-world.o
 .debug_aranges
                0x00000078       0x58 uart.o
 .debug_aranges
                0x000000d0       0x28 system_stm32f0xx.o

.debug_pubnames
                0x00000000      0x1ac
 *(.debug_pubnames)
 .debug_pubnames
                0x00000000       0xb1 hello-world.o
 .debug_pubnames
                0x000000b1       0x9a uart.o
 .debug_pubnames
                0x0000014b       0x61 system_stm32f0xx.o

.debug_info     0x00000000      0xd48
 *(.debug_info .gnu.linkonce.wi.*)
 .debug_info    0x00000000       0x61 startup_stm32f0xx.o
 .debug_info    0x00000061      0x616 hello-world.o
 .debug_info    0x00000677      0x420 uart.o
 .debug_info    0x00000a97      0x2b1 system_stm32f0xx.o

.debug_abbrev   0x00000000      0x433
 *(.debug_abbrev)
 .debug_abbrev  0x00000000       0x12 startup_stm32f0xx.o
 .debug_abbrev  0x00000012      0x1a1 hello-world.o
 .debug_abbrev  0x000001b3      0x184 uart.o
 .debug_abbrev  0x00000337       0xfc system_stm32f0xx.o

.debug_line     0x00000000      0x4ee
 *(.debug_line)
 .debug_line    0x00000000       0x74 startup_stm32f0xx.o
 .debug_line    0x00000074      0x1b7 hello-world.o
 .debug_line    0x0000022b      0x193 uart.o
 .debug_line    0x000003be      0x130 system_stm32f0xx.o

.debug_frame    0x00000000      0x1ec
 *(.debug_frame)
 .debug_frame   0x00000000       0xd8 hello-world.o
 .debug_frame   0x000000d8       0xd0 uart.o
 .debug_frame   0x000001a8       0x44 system_stm32f0xx.o

.debug_str      0x00000000      0x347
 *(.debug_str)
 .debug_str     0x00000000      0x1d7 hello-world.o
                                0x21d (size before relaxing)
 .debug_str     0x000001d7       0xe2 uart.o
                                0x1ea (size before relaxing)
 .debug_str     0x000002b9       0x8e system_stm32f0xx.o
                                0x1a9 (size before relaxing)

.debug_loc      0x00000000      0x50b
 *(.debug_loc)
 .debug_loc     0x00000000      0x23b hello-world.o
 .debug_loc     0x0000023b      0x274 uart.o
 .debug_loc     0x000004af       0x5c system_stm32f0xx.o

.debug_macinfo
 *(.debug_macinfo)

.debug_weaknames
 *(.debug_weaknames)

.debug_funcnames
 *(.debug_funcnames)

.debug_typenames
 *(.debug_typenames)

.debug_varnames
 *(.debug_varnames)
OUTPUT(hello-world.elf elf32-littlearm)

.debug_ranges   0x00000000       0xd8
 .debug_ranges  0x00000000       0x20 startup_stm32f0xx.o
 .debug_ranges  0x00000020       0x48 hello-world.o
 .debug_ranges  0x00000068       0x50 uart.o
 .debug_ranges  0x000000b8       0x20 system_stm32f0xx.o
